Enabled policy-loop gates for real LM driver.
/home/nyanpasu/Desktop/code/kinoSoft/oczy/src/oczy/experiments/organism_curriculum/run_curriculum.py:185: UserWarning: use_cortex_policy=True but no cortex_agent provided; falling back to the legacy ranking path.
  return OrganismAgent(config)
/home/nyanpasu/Desktop/code/kinoSoft/oczy/src/oczy/experiments/organism_curriculum/run_curriculum.py:185: UserWarning: use_value_baseline=True but no cortex_agent provided; policy updates will use baseline=0.0.
  return OrganismAgent(config)
/home/nyanpasu/Desktop/code/kinoSoft/oczy/src/oczy/experiments/organism_curriculum/run_curriculum.py:185: UserWarning: use_acceptance_policy_reward=True but no cortex_agent provided; acceptance policy updates will be skipped.
  return OrganismAgent(config)
Loading real LlamaCVecDriver...
/home/nyanpasu/Desktop/code/kinoSoft/oczy/.venv/lib/python3.12/site-packages/huggingface_hub/utils/_validators.py:205: UserWarning: The `local_dir_use_symlinks` argument is deprecated and ignored in `hf_hub_download`. Downloading to a local directory does not use symlinks anymore.
  warnings.warn(
Warning: You are sending unauthenticated requests to the HF Hub. Please set a HF_TOKEN to enable higher rate limits and faster downloads.
llama_context: n_ctx_seq (256) < n_ctx_train (128000) -- the full capacity of the model will not be utilized
llama_kv_cache: the V embeddings have different sizes across layers and FA is not enabled - padding V cache to 512
Real CortexAgent loaded.
Policy request context: False
Running Stage 0: Sense grounding...
Running Stage 1: Transfer within domain...
Running Stage 2: Scope control...
Running Stage 3: Dialog...
Running Stage 4: Consolidation stress...
Consolidating after Stage 4: Consolidation stress...
Consolidating before Stage 5: Cross-domain disambiguation...
Running Stage 5: Cross-domain disambiguation...

=== Organism curriculum summary ===
Stage                        Episodes  Uptake    Pre   Post      Mem d
----------------------------------------------------------------------
Stage 0: Sense grounding       3/8      0.62  0.00  0.25    +15749B
Stage 1: Transfer within domain   3/8      0.62  0.25  0.38     +3273B
Stage 2: Scope control         0/8      1.00  0.19  0.19     +9431B
Stage 3: Dialog                3/4      0.25  0.12  0.12     +2751B
Stage 4: Consolidation stress   3/10     0.70  0.30  0.30     +6144B
Stage 5: Cross-domain disambiguation   1/6      0.83  0.17  0.17    +10000B

Stage 0: Sense grounding
  Single ambiguous word, one correction, same request repeated. Targets PlasticCortex fast weights.
  [OK] s0_log                    1st='user profile'            2nd="the captain's journal"  
  [OK] s0_file                   1st="the captain's journal"   2nd='submit it officially'   
  [OK] s0_key                    1st='submit it officially'    2nd='the map legend'         
  [..] s0_cell                   1st='submit it officially'    2nd='submit it officially'   
  [..] s0_record                 1st="the captain's journal"   2nd='the map legend'         
  [..] s0_branch                 1st='submit it officially'    2nd='the map legend'         
  [..] s0_model                  1st='the map legend'          2nd='the map legend'         
  [..] s0_run                    1st='the map legend'          2nd='the map legend'         
  post-test accuracy: retention=0.25

Stage 1: Transfer within domain
  New requests that use the corrected sense learned in Stage 0. Targets NeuralHippocampus replay when fast weights are weak.
  [OK] s1_log                    1st="the captain's journal"   2nd="the captain's journal"  
  [OK] s1_file                   1st='the map legend'          2nd='submit it officially'   
  [OK] s1_key                    1st='the map legend'          2nd='the map legend'         
  [..] s1_cell                   1st="the captain's journal"   2nd="the captain's journal"  
  [..] s1_record                 1st='submit it officially'    2nd='submit it officially'   
  [..] s1_branch                 1st='submit it officially'    2nd='submit it officially'   
  [..] s1_model                  1st='submit it officially'    2nd='submit it officially'   
  [..] s1_run                    1st='the map legend'          2nd='the map legend'         
  post-test accuracy: transfer=0.38

Stage 2: Scope control
  Teach an alternative common/technical sense for words corrected in Stage 0, then test that each sense is used only in its own context. Targets SkillImmuneCortex and IdentityHypernetwork.
  [..] s2_log                    1st='submit it officially'    2nd='submit it officially'   
  [..] s2_file                   1st='submit it officially'    2nd='submit it officially'   
  [..] s2_key                    1st='submit it officially'    2nd='submit it officially'   
  [..] s2_cell                   1st='submit it officially'    2nd='submit it officially'   
  [..] s2_record                 1st='submit it officially'    2nd='submit it officially'   
  [..] s2_branch                 1st='submit it officially'    2nd='submit it officially'   
  [..] s2_model                  1st='submit it officially'    2nd='submit it officially'   
  [..] s2_run                    1st='submit it officially'    2nd='submit it officially'   
  post-test accuracy: retention=0.00, scope=0.38

Stage 3: Dialog
  Multi-turn interactions: a correction followed by a context-dependent follow-up. Tests the full organ metabolism across turns.
  [OK] s3_ship_log               1st="the captain's journal"   2nd="the captain's journal"  
  [OK] s3_official_file          1st='submit it officially'    2nd='submit it officially'   
  [OK] s3_map_key                1st='the map legend'          2nd='the map legend'         
  [..] s3_music_record           1st='submit it officially'    2nd='submit it officially'   
  post-test accuracy: scope=0.00, transfer=0.25

Stage 4: Consolidation stress
  Many corrections in sequence followed by an explicit consolidate(). Tests hippocampal replay, consolidation, and autoencoder compression. Memory metrics are captured before and after consolidation.
  [OK] s4_log_nautical           1st="the captain's journal"   2nd="the captain's journal"  
  [OK] s4_file_official          1st='submit it officially'    2nd='submit it officially'   
  [OK] s4_key_map                1st='the map legend'          2nd='the map legend'         
  [..] s4_cell_biology           1st='submit it officially'    2nd='submit it officially'   
  [..] s4_record_music           1st='submit it officially'    2nd='submit it officially'   
  [..] s4_branch_tree            1st='submit it officially'    2nd='submit it officially'   
  [..] s4_model_fashion          1st='submit it officially'    2nd='submit it officially'   
  [..] s4_run_river              1st='submit it officially'    2nd='submit it officially'   
  [..] s4_table_dining           1st='submit it officially'    2nd='submit it officially'   
  [..] s4_service_church         1st='submit it officially'    2nd='submit it officially'   
  post-test accuracy: retention=0.30

Stage 5: Cross-domain disambiguation
  The same ambiguous word must map to different senses depending on domain context. Targets WorldModelCritic, IdentityHypernetwork, and SkillImmuneCortex together.
  [..] s5_log_context            1st='submit it officially'    2nd='submit it officially'   
  [OK] s5_file_context           1st='submit it officially'    2nd='submit it officially'   
  [..] s5_model_context          1st='submit it officially'    2nd='submit it officially'   
  [..] s5_run_context            1st='submit it officially'    2nd='submit it officially'   
  [..] s5_key_context            1st='the map legend'          2nd='submit it officially'   
  [..] s5_cell_context           1st='submit it officially'    2nd='submit it officially'   
  post-test accuracy: retention=0.33, scope=0.00

Report written to: /home/nyanpasu/Desktop/code/kinoSoft/oczy/src/oczy/experiments/organism_curriculum/reports/run_rerank_combined.json
